hei hallo hadebra
